   Compiling spo-ml-rust v0.1.0 (/datas/Kemuel/Study/UFOP/Extras/SBPO_2026/criando/code/spo-ml-rust)
error[E0425]: cannot find value `i` in this scope
   --> src/metaheuristics/bpso.rs:246:66
    |
246 |                 println!("Particle {} starting constructive...", i);
    |                                                                  ^
    |
help: a local variable with a similar name exists
    |
246 -                 println!("Particle {} starting constructive...", i);
246 +                 println!("Particle {} starting constructive...", n);
    |

error[E0425]: cannot find value `i` in this scope
   --> src/metaheuristics/bpso.rs:258:91
    |
258 | ...uctive in {:?}. starting LS...", i, t_start_const.elapsed());
    |                                     ^
    |
help: a local variable with a similar name exists
    |
258 -                     println!("Particle {} finished constructive in {:?}. starting LS...", i, t_start_const.elapsed());
258 +                     println!("Particle {} finished constructive in {:?}. starting LS...", n, t_start_const.elapsed());
    |

warning: unused import: `Move`
 --> src/local_searchs/hybrid_vnd.rs:4:58
  |
4 | use crate::evaluator::{StockBalanceEvaluator, Evaluator, Move};
  |                                                          ^^^^
  |
  = note: `#[warn(unused_imports)]` (part of `#[warn(unused)]`) on by default

warning: unused import: `trace`
 --> src/local_searchs/hybrid_vnd.rs:6:18
  |
6 | use log::{debug, trace};
  |                  ^^^^^

warning: unused import: `debug`
 --> src/local_searchs/configurable.rs:7:18
  |
7 | use log::{trace, debug};
  |                  ^^^^^

warning: unused imports: `debug` and `trace`
 --> src/metaheuristics/bpso.rs:2:17
  |
2 | use log::{info, debug, trace};
  |                 ^^^^^  ^^^^^

warning: variable does not need to be mutable
  --> src/local_searchs/hybrid_vnd.rs:63:13
   |
63 |         let mut eval = StockBalanceEvaluator::new(solution, data);
   |             ----^^^^
   |             |
   |             help: remove this `mut`
   |
   = note: `#[warn(unused_mut)]` (part of `#[warn(unused)]`) on by default

For more information about this error, try `rustc --explain E0425`.
warning: `spo-ml-rust` (lib) generated 5 warnings
error: could not compile `spo-ml-rust` (lib) due to 2 previous errors; 5 warnings emitted
