   Compiling spo-ml-rust v0.1.0 (/datas/Kemuel/Study/UFOP/Extras/SBPO_2026/criando/code/spo-ml-rust)
warning: unused import: `Move`
 --> src/local_searchs/hybrid_vnd.rs:4:58
  |
4 | use crate::evaluator::{StockBalanceEvaluator, Evaluator, Move};
  |                                                          ^^^^
  |
  = note: `#[warn(unused_imports)]` (part of `#[warn(unused)]`) on by default

warning: unused import: `trace`
 --> src/local_searchs/hybrid_vnd.rs:6:18
  |
6 | use log::{debug, trace};
  |                  ^^^^^

warning: unused import: `debug`
 --> src/local_searchs/configurable.rs:7:18
  |
7 | use log::{trace, debug};
  |                  ^^^^^

warning: unused imports: `debug` and `trace`
 --> src/metaheuristics/bpso.rs:2:17
  |
2 | use log::{info, debug, trace};
  |                 ^^^^^  ^^^^^

warning: variable does not need to be mutable
  --> src/local_searchs/hybrid_vnd.rs:63:13
   |
63 |         let mut eval = StockBalanceEvaluator::new(solution, data);
   |             ----^^^^
   |             |
   |             help: remove this `mut`
   |
   = note: `#[warn(unused_mut)]` (part of `#[warn(unused)]`) on by default

warning: unused variable: `avg_v`
   --> src/metaheuristics/bpso.rs:276:17
    |
276 |             let avg_v = stats.1 / particles.len() as f64;
    |                 ^^^^^ help: if this is intentional, prefix it with an underscore: `_avg_v`
    |
    = note: `#[warn(unused_variables)]` (part of `#[warn(unused)]`) on by default

warning: unused variable: `avg_fitness`
   --> src/metaheuristics/bpso.rs:291:17
    |
291 |             let avg_fitness: f64 = particles.iter().map(|p| p.best_fitn...
    |                 ^^^^^^^^^^^ help: if this is intentional, prefix it with an underscore: `_avg_fitness`

warning: `spo-ml-rust` (lib) generated 7 warnings (run `cargo fix --lib -p spo-ml-rust` to apply 7 suggestions)
    Finished `release` profile [optimized] target(s) in 3.47s
     Running `target/release/spo-ml-rust datasets/x/instance_0010.txt temp_out.txt 'h_bpso:2:10:60+sh:0.05+hvnd' 42`
--- Wave Order Picking Solver ---
Instance: datasets/x/instance_0010.txt
Strategy: h_bpso:2:10:60+sh:0.05+hvnd
Seed: 42
---------------------------------
