   Compiling spo-ml-rust v0.1.0 (/datas/Kemuel/Study/UFOP/Extras/SBPO_2026/criando/code/spo-ml-rust)
warning: unused import: `Move`
 --> src/local_searchs/hybrid_vnd.rs:4:58
  |
4 | use crate::evaluator::{StockBalanceEvaluator, Evaluator, Move};
  |                                                          ^^^^
  |
  = note: `#[warn(unused_imports)]` (part of `#[warn(unused)]`) on by default

warning: unused import: `trace`
 --> src/local_searchs/hybrid_vnd.rs:6:18
  |
6 | use log::{debug, trace};
  |                  ^^^^^

warning: unused import: `debug`
 --> src/local_searchs/configurable.rs:7:18
  |
7 | use log::{trace, debug};
  |                  ^^^^^

warning: unused imports: `debug` and `trace`
 --> src/metaheuristics/bpso.rs:2:17
  |
2 | use log::{info, debug, trace};
  |                 ^^^^^  ^^^^^

warning: unused variable: `t_start`
   --> src/evaluator/stock_balance.rs:199:13
    |
199 |         let t_start = std::time::Instant::now();
    |             ^^^^^^^ help: if this is intentional, prefix it with an underscore: `_t_start`
    |
    = note: `#[warn(unused_variables)]` (part of `#[warn(unused)]`) on by default

warning: variable does not need to be mutable
  --> src/local_searchs/hybrid_vnd.rs:63:13
   |
63 |         let mut eval = StockBalanceEvaluator::new(solution, data);
   |             ----^^^^
   |             |
   |             help: remove this `mut`
   |
   = note: `#[warn(unused_mut)]` (part of `#[warn(unused)]`) on by default

warning: unused variable: `avg_v`
   --> src/metaheuristics/bpso.rs:276:17
    |
276 |             let avg_v = stats.1 / particles.len() as f64;
    |                 ^^^^^ help: if this is intentional, prefix it with an underscore: `_avg_v`

warning: unused variable: `avg_fitness`
   --> src/metaheuristics/bpso.rs:291:17
    |
291 |             let avg_fitness: f64 = particles.iter().map(|p| p.best_fitn...
    |                 ^^^^^^^^^^^ help: if this is intentional, prefix it with an underscore: `_avg_fitness`

warning: `spo-ml-rust` (lib) generated 8 warnings (run `cargo fix --lib -p spo-ml-rust` to apply 8 suggestions)
    Finished `release` profile [optimized] target(s) in 2.53s
     Running `target/release/spo-ml-rust datasets/x/instance_0010.txt temp_out.txt 'h_bpso:2:10:60+sh:0.05+hvnd' 42`
--- Wave Order Picking Solver ---
Instance: datasets/x/instance_0010.txt
Strategy: h_bpso:2:10:60+sh:0.05+hvnd
Seed: 42
---------------------------------
  Iter   | Best Obj   | Avg Obj  | Imp%  | Stag | w    | Turb | AvgV  | LSHit | VSat% | HDst% | Time
  [Hybrid Mode: 5 Orders / 5 Aisles]
  -----------------------------------------------------------------------------------------------
  --------------------------------------------------------------------------------------------------------------
  [BPSO] Finished in 2 iterations. Best Obj: 920.4444
  [BPSO Metrics] Final Velocity Saturation: 0.00% | Final Diversity (HDist): 31.70%
  [Timer] Total Solver (BPSO (Hybrid) [SuperHybrid (P_zero=0.05, P_ord=0.40) + Hybrid VND]) took 24.9373s
Final Score: 920.4444
Output written to temp_out.txt
